
==========================================
       SSL CERTIFICATE MONITOR
==========================================

Timestamp       : 2026-08-21 10:29:17
Domain          : kumardevops.online
Certificate     : /etc/letsencrypt/live/kumardevops.online/fullchain.pem

Expiry Date     : Nov 19 08:08:00 2026 GMT
Days Remaining  : 89

Warning Threshold  : 30 days
Critical Threshold : 7 days

Status          : HEALTHY

==========================================


==========================================
       SSL CERTIFICATE MONITOR
==========================================

Timestamp       : 2026-08-21 10:34:05
Domain          : kumardevops.online
Certificate     : /etc/letsencrypt/live/kumardevops.online/fullchain.pem

Expiry Date     : Nov 19 08:08:00 2026 GMT
Days Remaining  : 89

Warning Threshold  : 30 days
Critical Threshold : 7 days

Status          : HEALTHY

==========================================


==========================================
       SSL CERTIFICATE MONITOR
==========================================

Timestamp       : 2026-08-21 10:48:22
Domain          : kumardevops.online
Certificate     : /etc/letsencrypt/live/kumardevops.online/fullchain.pem

Expiry Date     : Nov 19 08:08:00 2026 GMT
Days Remaining  : 89

Warning Threshold  : 30 days
Critical Threshold : 7 days

Status          : HEALTHY
Renewal Required: false

==========================================


==========================================
       SSL CERTIFICATE MONITOR
==========================================

Timestamp       : 2026-08-21 11:09:10
Domain          : kumardevops.online
Certificate     : /etc/letsencrypt/live/kumardevops.online/fullchain.pem

Expiry Date     : Nov 19 08:08:00 2026 GMT
Days Remaining  : 89

Warning Threshold  : 30 days
Critical Threshold : 7 days

Status          : HEALTHY
Renewal Required: false

==========================================


==========================================
       SSL CERTIFICATE MONITOR
==========================================

Timestamp       : 2026-08-21 11:11:10
Domain          : kumardevops.online
Certificate     : /etc/letsencrypt/live/kumardevops.online/fullchain.pem

Expiry Date     : Nov 19 08:08:00 2026 GMT
Days Remaining  : 89

Warning Threshold  : 30 days
Critical Threshold : 7 days

Status          : HEALTHY
Renewal Required: false

==========================================


==========================================
       SSL CERTIFICATE MONITOR
==========================================

Timestamp       : 2026-08-21 11:15:04
Domain          : kumardevops.online
Certificate     : /etc/letsencrypt/live/kumardevops.online/fullchain.pem

Expiry Date     : Nov 19 08:08:00 2026 GMT
Days Remaining  : 89

Warning Threshold  : 30 days
Critical Threshold : 7 days

Status          : HEALTHY
Renewal Required: false

==========================================


==========================================
       SSL CERTIFICATE MONITOR
==========================================

Timestamp       : 2026-08-21 11:30:08
Domain          : kumardevops.online
Certificate     : /etc/letsencrypt/live/kumardevops.online/fullchain.pem

Expiry Date     : Nov 19 08:08:00 2026 GMT
Days Remaining  : 89

Warning Threshold  : 30 days
Critical Threshold : 7 days

Status          : HEALTHY
Renewal Required: false

==========================================


==========================================
       SSL CERTIFICATE MONITOR
==========================================

Timestamp       : 2026-08-21 12:06:27
Domain          : kumardevops.online
Certificate     : /etc/letsencrypt/live/kumardevops.online/fullchain.pem

Expiry Date     : Nov 19 08:08:00 2026 GMT
Days Remaining  : 89

Warning Threshold  : 30 days
Critical Threshold : 7 days

Status          : HEALTHY
Renewal Required: false

==========================================


==========================================
       SSL CERTIFICATE MONITOR
==========================================

Timestamp       : 2026-08-21 12:10:28
Domain          : kumardevops.online
Certificate     : /etc/letsencrypt/live/kumardevops.online/fullchain.pem

Expiry Date     : Nov 19 08:08:00 2026 GMT
Days Remaining  : 89

Warning Threshold  : 30 days
Critical Threshold : 7 days

Status          : HEALTHY
Renewal Required: false

==========================================

